2026-09-30 22:08:31 | APLICAÇÃO | Sistema iniciado.
2026-09-30 22:08:43 | ERRO SQL LISTAR | Cannot open database "CadastroProdutosDb" requested by the login. The login failed.
Login failed for user 'LUANORLANDELLI\luano'.
2026-09-30 22:08:43 | ERRO INTERFACE | Erro ao listar os produtos do banco de dados.
2026-09-30 22:17:13 | APLICAÇÃO | Sistema iniciado.
2026-09-30 22:17:13 | SELECT LISTAR | 0 produto(s) retornado(s).
2026-09-30 22:18:28 | INSERT | Produto 'Objeto 1' cadastrado.
2026-09-30 22:18:29 | SELECT LISTAR | 1 produto(s) retornado(s).
2026-09-30 22:18:31 | SELECT LISTAR | 1 produto(s) retornado(s).
2026-09-30 22:18:36 | SELECT ID | Produto 2 não encontrado.
2026-09-30 22:18:45 | UPDATE | Produto 1 | Linhas afetadas: 1.
2026-09-30 22:18:47 | SELECT LISTAR | 1 produto(s) retornado(s).
2026-09-30 22:18:50 | UPDATE | Produto 1 | Linhas afetadas: 1.
2026-09-30 22:18:51 | SELECT LISTAR | 1 produto(s) retornado(s).
2026-09-30 22:18:55 | DELETE | Produto 1 | Linhas afetadas: 1.
2026-09-30 22:18:56 | SELECT LISTAR | 0 produto(s) retornado(s).
2026-09-30 22:18:58 | APLICAÇÃO | Sistema encerrado pelo usuário.
2026-09-30 22:22:04 | APLICAÇÃO | Sistema iniciado.
2026-09-30 22:22:05 | SELECT LISTAR | 0 produto(s) retornado(s).
2026-09-30 22:22:31 | INSERT | Produto 'Lápis' cadastrado.
2026-09-30 22:22:36 | SELECT LISTAR | 1 produto(s) retornado(s).
2026-09-30 22:23:04 | INSERT | Produto 'Apontador' cadastrado.
2026-09-30 22:23:20 | SELECT LISTAR | 2 produto(s) retornado(s).
2026-09-30 22:24:35 | INSERT | Produto 'Estojo' cadastrado.
2026-09-30 22:24:37 | SELECT LISTAR | 3 produto(s) retornado(s).
2026-09-30 22:25:04 | INSERT | Produto 'Power Ranger' cadastrado.
2026-09-30 22:25:05 | SELECT LISTAR | 4 produto(s) retornado(s).
2026-09-30 22:25:14 | SELECT LISTAR | 4 produto(s) retornado(s).
2026-09-30 22:25:14 | SELECT LISTAR | 4 produto(s) retornado(s).
2026-09-30 22:25:15 | SELECT LISTAR | 4 produto(s) retornado(s).
2026-09-30 22:25:16 | SELECT LISTAR | 4 produto(s) retornado(s).
2026-09-30 22:25:16 | SELECT LISTAR | 4 produto(s) retornado(s).
2026-09-30 22:25:16 | SELECT LISTAR | 4 produto(s) retornado(s).
2026-09-30 22:25:17 | SELECT LISTAR | 4 produto(s) retornado(s).
2026-09-30 22:25:17 | SELECT LISTAR | 4 produto(s) retornado(s).
2026-09-30 22:25:17 | SELECT LISTAR | 4 produto(s) retornado(s).
2026-09-30 22:25:19 | SELECT LISTAR | 4 produto(s) retornado(s).
2026-09-30 22:25:20 | SELECT LISTAR | 4 produto(s) retornado(s).
2026-09-30 22:25:21 | SELECT LISTAR | 4 produto(s) retornado(s).
2026-09-30 22:25:21 | SELECT LISTAR | 4 produto(s) retornado(s).
2026-09-30 22:25:42 | INSERT | Produto 'Elsa' cadastrado.
2026-09-30 22:25:43 | SELECT LISTAR | 5 produto(s) retornado(s).
2026-09-30 22:25:56 | SELECT LISTAR | 5 produto(s) retornado(s).
2026-09-30 22:26:02 | SELECT LISTAR | 5 produto(s) retornado(s).
2026-09-30 22:26:38 | SELECT ID | Produto 4 encontrado.
2026-09-30 22:27:51 | SELECT LISTAR | 5 produto(s) retornado(s).
2026-09-30 22:32:10 | UPDATE | Produto 6 | Linhas afetadas: 1.
2026-09-30 22:32:24 | SELECT LISTAR | 5 produto(s) retornado(s).
